PB crc32 crc32 /home/ise/ISE_146/hft/ethernet/ethernet_mac/crc32.vhd sub00/vhpl08 1764411039
PH miim_types NULL /home/ise/ISE_146/hft/ethernet/ethernet_mac/miim_types.vhd sub00/vhpl05 1764411036
PB utility utility /home/ise/ISE_146/hft/ethernet/ethernet_mac/utility.vhd sub00/vhpl01 1764411032
PH crc NULL /home/ise/ISE_146/hft/ethernet/ethernet_mac/crc.vhd sub00/vhpl02 1764411033
EN framing NULL /home/ise/ISE_146/hft/ethernet/ethernet_mac/framing.vhd sub00/vhpl19 1764411050
AR framing rtl /home/ise/ISE_146/hft/ethernet/ethernet_mac/framing.vhd sub00/vhpl20 1764411051
PH ethernet_types NULL /home/ise/ISE_146/hft/ethernet/ethernet_mac/ethernet_types.vhd sub00/vhpl04 1764411035
PB framing_common framing_common /home/ise/ISE_146/hft/ethernet/ethernet_mac/framing_common.vhd sub00/vhpl12 1764411043
PH miim_registers NULL /home/ise/ISE_146/hft/ethernet/ethernet_mac/miim_registers.vhd sub00/vhpl09 1764411040
EN miim NULL /home/ise/ISE_146/hft/ethernet/ethernet_mac/miim.vhd sub00/vhpl21 1764411052
AR miim rtl /home/ise/ISE_146/hft/ethernet/ethernet_mac/miim.vhd sub00/vhpl22 1764411053
AR ethernet rtl /home/ise/ISE_146/hft/ethernet/ethernet_mac/ethernet.vhd sub00/vhpl26 1764411059
EN ethernet NULL /home/ise/ISE_146/hft/ethernet/ethernet_mac/ethernet.vhd sub00/vhpl25 1764411058
EN single_signal_synchronizer NULL /home/ise/ISE_146/hft/ethernet/ethernet_mac/single_signal_synchronizer.vhd sub00/vhpl15 1764411046
PH utility NULL /home/ise/ISE_146/hft/ethernet/ethernet_mac/utility.vhd sub00/vhpl00 1764411031
PH framing_common NULL /home/ise/ISE_146/hft/ethernet/ethernet_mac/framing_common.vhd sub00/vhpl11 1764411042
AR reset_generator rtl /home/ise/ISE_146/hft/ethernet/ethernet_mac/reset_generator.vhd sub00/vhpl14 1764411045
PB crc crc /home/ise/ISE_146/hft/ethernet/ethernet_mac/crc.vhd sub00/vhpl03 1764411034
EN miim_control NULL /home/ise/ISE_146/hft/ethernet/ethernet_mac/miim_control.vhd sub00/vhpl23 1764411054
PB miim_types miim_types /home/ise/ISE_146/hft/ethernet/ethernet_mac/miim_types.vhd sub00/vhpl06 1764411037
PB miim_registers miim_registers /home/ise/ISE_146/hft/ethernet/ethernet_mac/miim_registers.vhd sub00/vhpl10 1764411041
AR mii_gmii rtl /home/ise/ISE_146/hft/ethernet/ethernet_mac/mii_gmii.vhd sub00/vhpl17 1764411048
PH crc32 NULL /home/ise/ISE_146/hft/ethernet/ethernet_mac/crc32.vhd sub00/vhpl07 1764411038
AR miim_control rtl /home/ise/ISE_146/hft/ethernet/ethernet_mac/miim_control.vhd sub00/vhpl24 1764411055
EN mii_gmii_io NULL /home/ise/ISE_146/hft/ethernet/ethernet_mac/mii_gmii_io.vhd sub00/vhpl18 1764411049
EN mii_gmii NULL /home/ise/ISE_146/hft/ethernet/ethernet_mac/mii_gmii.vhd sub00/vhpl16 1764411047
EN reset_generator NULL /home/ise/ISE_146/hft/ethernet/ethernet_mac/reset_generator.vhd sub00/vhpl13 1764411044
