PB crc32 crc32 /home/ise/ISE_146/hft/ethernet/ethernet_mac/crc32.vhd sub00/vhpl08 1764409776
PH miim_types NULL /home/ise/ISE_146/hft/ethernet/ethernet_mac/miim_types.vhd sub00/vhpl05 1764409773
PB utility utility /home/ise/ISE_146/hft/ethernet/ethernet_mac/utility.vhd sub00/vhpl02 1764409769
PH crc NULL /home/ise/ISE_146/hft/ethernet/ethernet_mac/crc.vhd sub00/vhpl03 1764409770
EN framing NULL /home/ise/ISE_146/hft/ethernet/ethernet_mac/framing.vhd sub00/vhpl19 1764409789
AR framing rtl /home/ise/ISE_146/hft/ethernet/ethernet_mac/framing.vhd sub00/vhpl20 1764409790
PH ethernet_types NULL /home/ise/ISE_146/hft/ethernet/ethernet_mac/ethernet_types.vhd sub00/vhpl00 1764409772
PB framing_common framing_common /home/ise/ISE_146/hft/ethernet/ethernet_mac/framing_common.vhd sub00/vhpl12 1764409780
PH miim_registers NULL /home/ise/ISE_146/hft/ethernet/ethernet_mac/miim_registers.vhd sub00/vhpl09 1764409777
EN miim NULL /home/ise/ISE_146/hft/ethernet/ethernet_mac/miim.vhd sub00/vhpl21 1764409791
AR miim rtl /home/ise/ISE_146/hft/ethernet/ethernet_mac/miim.vhd sub00/vhpl22 1764409792
AR ethernet rtl /home/ise/ISE_146/hft/ethernet/ethernet_mac/ethernet.vhd sub00/vhpl26 1764409798
EN ethernet NULL /home/ise/ISE_146/hft/ethernet/ethernet_mac/ethernet.vhd sub00/vhpl25 1764409797
EN single_signal_synchronizer NULL /home/ise/ISE_146/hft/ethernet/ethernet_mac/single_signal_synchronizer.vhd sub00/vhpl15 1764409785
PH utility NULL /home/ise/ISE_146/hft/ethernet/ethernet_mac/utility.vhd sub00/vhpl01 1764409768
PH framing_common NULL /home/ise/ISE_146/hft/ethernet/ethernet_mac/framing_common.vhd sub00/vhpl11 1764409779
AR reset_generator rtl /home/ise/ISE_146/hft/ethernet/ethernet_mac/reset_generator.vhd sub00/vhpl14 1764409784
PB crc crc /home/ise/ISE_146/hft/ethernet/ethernet_mac/crc.vhd sub00/vhpl04 1764409771
EN miim_control NULL /home/ise/ISE_146/hft/ethernet/ethernet_mac/miim_control.vhd sub00/vhpl23 1764409793
PB miim_types miim_types /home/ise/ISE_146/hft/ethernet/ethernet_mac/miim_types.vhd sub00/vhpl06 1764409774
PB miim_registers miim_registers /home/ise/ISE_146/hft/ethernet/ethernet_mac/miim_registers.vhd sub00/vhpl10 1764409778
AR mii_gmii rtl /home/ise/ISE_146/hft/ethernet/ethernet_mac/mii_gmii.vhd sub00/vhpl17 1764409787
PH crc32 NULL /home/ise/ISE_146/hft/ethernet/ethernet_mac/crc32.vhd sub00/vhpl07 1764409775
AR miim_control rtl /home/ise/ISE_146/hft/ethernet/ethernet_mac/miim_control.vhd sub00/vhpl24 1764409794
EN mii_gmii_io NULL /home/ise/ISE_146/hft/ethernet/ethernet_mac/mii_gmii_io.vhd sub00/vhpl18 1764409788
EN mii_gmii NULL /home/ise/ISE_146/hft/ethernet/ethernet_mac/mii_gmii.vhd sub00/vhpl16 1764409786
EN reset_generator NULL /home/ise/ISE_146/hft/ethernet/ethernet_mac/reset_generator.vhd sub00/vhpl13 1764409783
