V3 50
FL /home/ise/ISE_146/hft/ethernet/ethernet_mac/crc.vhd 2025/10/26.16:39:25 P.20131013
PH ethernet_mac/crc 1764375730 \
      FL /home/ise/ISE_146/hft/ethernet/ethernet_mac/crc.vhd \
      PB ieee/std_logic_1164 1381692176 PB ieee/NUMERIC_STD 1381692181 \
      PB ethernet_mac/utility 1764375729
PB ethernet_mac/crc 1764375731 \
      FL /home/ise/ISE_146/hft/ethernet/ethernet_mac/crc.vhd PH ethernet_mac/crc 1764375730
FL /home/ise/ISE_146/hft/ethernet/ethernet_mac/crc32.vhd 2025/10/26.16:39:25 P.20131013
PH ethernet_mac/crc32 1764375735 \
      FL /home/ise/ISE_146/hft/ethernet/ethernet_mac/crc32.vhd \
      PB ieee/std_logic_1164 1381692176 PB ethernet_mac/crc 1764375731
PB ethernet_mac/crc32 1764375736 \
      FL /home/ise/ISE_146/hft/ethernet/ethernet_mac/crc32.vhd \
      PH ethernet_mac/crc32 1764375735
FL /home/ise/ISE_146/hft/ethernet/ethernet_mac/ethernet.vhd 2025/10/26.17:18:24 P.20131013
EN ethernet_mac/ethernet 1764375755 \
      FL /home/ise/ISE_146/hft/ethernet/ethernet_mac/ethernet.vhd \
      PB ieee/std_logic_1164 1381692176 LB ethernet_mac \
      PH ethernet_mac/ethernet_types 1764375732 PB ethernet_mac/miim_types 1764375734
AR ethernet_mac/ethernet/rtl 1764375756 \
      FL /home/ise/ISE_146/hft/ethernet/ethernet_mac/ethernet.vhd \
      EN ethernet_mac/ethernet 1764375755 CP ethernet_mac/reset_generator \
      CP ethernet_mac/single_signal_synchronizer CP ethernet_mac/mii_gmii \
      CP ethernet_mac/mii_gmii_io CP ethernet_mac/framing CP ethernet_mac/miim \
      CP ethernet_mac/miim_control
FL /home/ise/ISE_146/hft/ethernet/ethernet_mac/ethernet_types.vhd 2025/10/26.16:39:25 P.20131013
PH ethernet_mac/ethernet_types 1764375732 \
      FL /home/ise/ISE_146/hft/ethernet/ethernet_mac/ethernet_types.vhd \
      PB ieee/std_logic_1164 1381692176
FL /home/ise/ISE_146/hft/ethernet/ethernet_mac/framing.vhd 2025/10/26.17:33:36 P.20131013
EN ethernet_mac/framing 1764375747 \
      FL /home/ise/ISE_146/hft/ethernet/ethernet_mac/framing.vhd \
      PB ieee/std_logic_1164 1381692176 PB ieee/NUMERIC_STD 1381692181 \
      LB ethernet_mac PH ethernet_mac/ethernet_types 1764375732 \
      PB ethernet_mac/framing_common 1764375740 PB ethernet_mac/crc32 1764375736 \
      PB ethernet_mac/utility 1764375729
AR ethernet_mac/framing/rtl 1764375748 \
      FL /home/ise/ISE_146/hft/ethernet/ethernet_mac/framing.vhd \
      EN ethernet_mac/framing 1764375747
FL /home/ise/ISE_146/hft/ethernet/ethernet_mac/framing_common.vhd 2025/10/26.17:20:03 P.20131013
PH ethernet_mac/framing_common 1764375739 \
      FL /home/ise/ISE_146/hft/ethernet/ethernet_mac/framing_common.vhd \
      PB ieee/std_logic_1164 1381692176 PB ieee/NUMERIC_STD 1381692181 \
      LB ethernet_mac PH ethernet_mac/ethernet_types 1764375732 \
      PB ethernet_mac/crc32 1764375736 PB ethernet_mac/utility 1764375729
PB ethernet_mac/framing_common 1764375740 \
      FL /home/ise/ISE_146/hft/ethernet/ethernet_mac/framing_common.vhd \
      PH ethernet_mac/framing_common 1764375739
FL /home/ise/ISE_146/hft/ethernet/ethernet_mac/miim.vhd 2025/10/26.17:20:07 P.20131013
EN ethernet_mac/miim 1764375749 \
      FL /home/ise/ISE_146/hft/ethernet/ethernet_mac/miim.vhd \
      PB ieee/std_logic_1164 1381692176 LB ethernet_mac PB ethernet_mac/miim_types 1764375734 \
      PB ethernet_mac/utility 1764375729
AR ethernet_mac/miim/rtl 1764375750 \
      FL /home/ise/ISE_146/hft/ethernet/ethernet_mac/miim.vhd \
      EN ethernet_mac/miim 1764375749
FL /home/ise/ISE_146/hft/ethernet/ethernet_mac/miim_control.vhd 2025/10/26.17:20:07 P.20131013
EN ethernet_mac/miim_control 1764375751 \
      FL /home/ise/ISE_146/hft/ethernet/ethernet_mac/miim_control.vhd \
      PB ieee/std_logic_1164 1381692176 PB ieee/NUMERIC_STD 1381692181 \
      LB ethernet_mac PH ethernet_mac/ethernet_types 1764375732 \
      PB ethernet_mac/miim_types 1764375734 PB ethernet_mac/miim_registers 1764375738
AR ethernet_mac/miim_control/rtl 1764375752 \
      FL /home/ise/ISE_146/hft/ethernet/ethernet_mac/miim_control.vhd \
      EN ethernet_mac/miim_control 1764375751
FL /home/ise/ISE_146/hft/ethernet/ethernet_mac/miim_registers.vhd 2025/10/26.17:20:08 P.20131013
PH ethernet_mac/miim_registers 1764375737 \
      FL /home/ise/ISE_146/hft/ethernet/ethernet_mac/miim_registers.vhd \
      PB ieee/std_logic_1164 1381692176 PB ieee/NUMERIC_STD 1381692181 \
      LB ethernet_mac PH ethernet_mac/ethernet_types 1764375732 \
      PB ethernet_mac/miim_types 1764375734
PB ethernet_mac/miim_registers 1764375738 \
      FL /home/ise/ISE_146/hft/ethernet/ethernet_mac/miim_registers.vhd \
      PH ethernet_mac/miim_registers 1764375737
FL /home/ise/ISE_146/hft/ethernet/ethernet_mac/miim_types.vhd 2025/10/26.16:39:25 P.20131013
PH ethernet_mac/miim_types 1764375733 \
      FL /home/ise/ISE_146/hft/ethernet/ethernet_mac/miim_types.vhd \
      PB ieee/std_logic_1164 1381692176 PB ieee/NUMERIC_STD 1381692181
PB ethernet_mac/miim_types 1764375734 \
      FL /home/ise/ISE_146/hft/ethernet/ethernet_mac/miim_types.vhd \
      PH ethernet_mac/miim_types 1764375733
FL /home/ise/ISE_146/hft/ethernet/ethernet_mac/mii_gmii.vhd 2025/10/26.17:20:05 P.20131013
EN ethernet_mac/mii_gmii 1764375744 \
      FL /home/ise/ISE_146/hft/ethernet/ethernet_mac/mii_gmii.vhd \
      PB ieee/std_logic_1164 1381692176 PB ieee/NUMERIC_STD 1381692181 \
      LB ethernet_mac PB ethernet_mac/framing_common 1764375740 \
      PH ethernet_mac/ethernet_types 1764375732
AR ethernet_mac/mii_gmii/rtl 1764375745 \
      FL /home/ise/ISE_146/hft/ethernet/ethernet_mac/mii_gmii.vhd \
      EN ethernet_mac/mii_gmii 1764375744
FL /home/ise/ISE_146/hft/ethernet/ethernet_mac/mii_gmii_io.vhd 2025/10/26.17:20:10 P.20131013
EN ethernet_mac/mii_gmii_io 1764375746 \
      FL /home/ise/ISE_146/hft/ethernet/ethernet_mac/mii_gmii_io.vhd \
      PB ieee/std_logic_1164 1381692176 LB ethernet_mac \
      PH ethernet_mac/ethernet_types 1764375732
FL /home/ise/ISE_146/hft/ethernet/ethernet_mac/reset_generator.vhd 2025/10/26.17:20:04 P.20131013
EN ethernet_mac/reset_generator 1764375741 \
      FL /home/ise/ISE_146/hft/ethernet/ethernet_mac/reset_generator.vhd \
      PB ieee/std_logic_1164 1381692176 LB ethernet_mac \
      PH ethernet_mac/ethernet_types 1764375732
AR ethernet_mac/reset_generator/rtl 1764375742 \
      FL /home/ise/ISE_146/hft/ethernet/ethernet_mac/reset_generator.vhd \
      EN ethernet_mac/reset_generator 1764375741
FL /home/ise/ISE_146/hft/ethernet/ethernet_mac/single_signal_synchronizer.vhd 2025/10/26.16:39:25 P.20131013
EN ethernet_mac/single_signal_synchronizer 1764375743 \
      FL /home/ise/ISE_146/hft/ethernet/ethernet_mac/single_signal_synchronizer.vhd \
      PB ieee/std_logic_1164 1381692176
FL /home/ise/ISE_146/hft/ethernet/ethernet_mac/utility.vhd 2025/10/26.16:39:25 P.20131013
PH ethernet_mac/utility 1764375728 \
      FL /home/ise/ISE_146/hft/ethernet/ethernet_mac/utility.vhd \
      PB ieee/std_logic_1164 1381692176
PB ethernet_mac/utility 1764375729 \
      FL /home/ise/ISE_146/hft/ethernet/ethernet_mac/utility.vhd \
      PH ethernet_mac/utility 1764375728
