V3 50
FL /home/ise/ISE_146/hft/ethernet/ethernet_mac/crc.vhd 2025/10/26.16:39:25 P.20131013
PH ethernet_mac/crc 1764409770 \
      FL /home/ise/ISE_146/hft/ethernet/ethernet_mac/crc.vhd \
      PB ieee/std_logic_1164 1381692176 PB ieee/NUMERIC_STD 1381692181 \
      PB ethernet_mac/utility 1764409769
PB ethernet_mac/crc 1764409771 \
      FL /home/ise/ISE_146/hft/ethernet/ethernet_mac/crc.vhd PH ethernet_mac/crc 1764409770
FL /home/ise/ISE_146/hft/ethernet/ethernet_mac/crc32.vhd 2025/10/26.16:39:25 P.20131013
PH ethernet_mac/crc32 1764409775 \
      FL /home/ise/ISE_146/hft/ethernet/ethernet_mac/crc32.vhd \
      PB ieee/std_logic_1164 1381692176 PB ethernet_mac/crc 1764409771
PB ethernet_mac/crc32 1764409776 \
      FL /home/ise/ISE_146/hft/ethernet/ethernet_mac/crc32.vhd \
      PH ethernet_mac/crc32 1764409775
FL /home/ise/ISE_146/hft/ethernet/ethernet_mac/ethernet.vhd 2025/10/26.17:18:24 P.20131013
EN ethernet_mac/ethernet 1764409797 \
      FL /home/ise/ISE_146/hft/ethernet/ethernet_mac/ethernet.vhd \
      PB ieee/std_logic_1164 1381692176 LB ethernet_mac \
      PH ethernet_mac/ethernet_types 1764409772 PB ethernet_mac/miim_types 1764409774
AR ethernet_mac/ethernet/rtl 1764409798 \
      FL /home/ise/ISE_146/hft/ethernet/ethernet_mac/ethernet.vhd \
      EN ethernet_mac/ethernet 1764409797 CP ethernet_mac/reset_generator \
      CP ethernet_mac/single_signal_synchronizer CP ethernet_mac/mii_gmii \
      CP ethernet_mac/mii_gmii_io CP ethernet_mac/framing CP ethernet_mac/miim \
      CP ethernet_mac/miim_control
FL /home/ise/ISE_146/hft/ethernet/ethernet_mac/ethernet_types.vhd 2025/10/26.16:39:25 P.20131013
PH ethernet_mac/ethernet_types 1764409772 \
      FL /home/ise/ISE_146/hft/ethernet/ethernet_mac/ethernet_types.vhd \
      PB ieee/std_logic_1164 1381692176
FL /home/ise/ISE_146/hft/ethernet/ethernet_mac/framing.vhd 2025/10/26.17:33:36 P.20131013
EN ethernet_mac/framing 1764409789 \
      FL /home/ise/ISE_146/hft/ethernet/ethernet_mac/framing.vhd \
      PB ieee/std_logic_1164 1381692176 PB ieee/NUMERIC_STD 1381692181 \
      LB ethernet_mac PH ethernet_mac/ethernet_types 1764409772 \
      PB ethernet_mac/framing_common 1764409780 PB ethernet_mac/crc32 1764409776 \
      PB ethernet_mac/utility 1764409769
AR ethernet_mac/framing/rtl 1764409790 \
      FL /home/ise/ISE_146/hft/ethernet/ethernet_mac/framing.vhd \
      EN ethernet_mac/framing 1764409789
FL /home/ise/ISE_146/hft/ethernet/ethernet_mac/framing_common.vhd 2025/10/26.17:20:03 P.20131013
PH ethernet_mac/framing_common 1764409779 \
      FL /home/ise/ISE_146/hft/ethernet/ethernet_mac/framing_common.vhd \
      PB ieee/std_logic_1164 1381692176 PB ieee/NUMERIC_STD 1381692181 \
      LB ethernet_mac PH ethernet_mac/ethernet_types 1764409772 \
      PB ethernet_mac/crc32 1764409776 PB ethernet_mac/utility 1764409769
PB ethernet_mac/framing_common 1764409780 \
      FL /home/ise/ISE_146/hft/ethernet/ethernet_mac/framing_common.vhd \
      PH ethernet_mac/framing_common 1764409779
FL /home/ise/ISE_146/hft/ethernet/ethernet_mac/miim.vhd 2025/10/26.17:20:07 P.20131013
EN ethernet_mac/miim 1764409791 \
      FL /home/ise/ISE_146/hft/ethernet/ethernet_mac/miim.vhd \
      PB ieee/std_logic_1164 1381692176 LB ethernet_mac PB ethernet_mac/miim_types 1764409774 \
      PB ethernet_mac/utility 1764409769
AR ethernet_mac/miim/rtl 1764409792 \
      FL /home/ise/ISE_146/hft/ethernet/ethernet_mac/miim.vhd \
      EN ethernet_mac/miim 1764409791
FL /home/ise/ISE_146/hft/ethernet/ethernet_mac/miim_control.vhd 2025/10/26.17:20:07 P.20131013
EN ethernet_mac/miim_control 1764409793 \
      FL /home/ise/ISE_146/hft/ethernet/ethernet_mac/miim_control.vhd \
      PB ieee/std_logic_1164 1381692176 PB ieee/NUMERIC_STD 1381692181 \
      LB ethernet_mac PH ethernet_mac/ethernet_types 1764409772 \
      PB ethernet_mac/miim_types 1764409774 PB ethernet_mac/miim_registers 1764409778
AR ethernet_mac/miim_control/rtl 1764409794 \
      FL /home/ise/ISE_146/hft/ethernet/ethernet_mac/miim_control.vhd \
      EN ethernet_mac/miim_control 1764409793
FL /home/ise/ISE_146/hft/ethernet/ethernet_mac/miim_registers.vhd 2025/10/26.17:20:08 P.20131013
PH ethernet_mac/miim_registers 1764409777 \
      FL /home/ise/ISE_146/hft/ethernet/ethernet_mac/miim_registers.vhd \
      PB ieee/std_logic_1164 1381692176 PB ieee/NUMERIC_STD 1381692181 \
      LB ethernet_mac PH ethernet_mac/ethernet_types 1764409772 \
      PB ethernet_mac/miim_types 1764409774
PB ethernet_mac/miim_registers 1764409778 \
      FL /home/ise/ISE_146/hft/ethernet/ethernet_mac/miim_registers.vhd \
      PH ethernet_mac/miim_registers 1764409777
FL /home/ise/ISE_146/hft/ethernet/ethernet_mac/miim_types.vhd 2025/10/26.16:39:25 P.20131013
PH ethernet_mac/miim_types 1764409773 \
      FL /home/ise/ISE_146/hft/ethernet/ethernet_mac/miim_types.vhd \
      PB ieee/std_logic_1164 1381692176 PB ieee/NUMERIC_STD 1381692181
PB ethernet_mac/miim_types 1764409774 \
      FL /home/ise/ISE_146/hft/ethernet/ethernet_mac/miim_types.vhd \
      PH ethernet_mac/miim_types 1764409773
FL /home/ise/ISE_146/hft/ethernet/ethernet_mac/mii_gmii.vhd 2025/10/26.17:20:05 P.20131013
EN ethernet_mac/mii_gmii 1764409786 \
      FL /home/ise/ISE_146/hft/ethernet/ethernet_mac/mii_gmii.vhd \
      PB ieee/std_logic_1164 1381692176 PB ieee/NUMERIC_STD 1381692181 \
      LB ethernet_mac PB ethernet_mac/framing_common 1764409780 \
      PH ethernet_mac/ethernet_types 1764409772
AR ethernet_mac/mii_gmii/rtl 1764409787 \
      FL /home/ise/ISE_146/hft/ethernet/ethernet_mac/mii_gmii.vhd \
      EN ethernet_mac/mii_gmii 1764409786
FL /home/ise/ISE_146/hft/ethernet/ethernet_mac/mii_gmii_io.vhd 2025/10/26.17:20:10 P.20131013
EN ethernet_mac/mii_gmii_io 1764409788 \
      FL /home/ise/ISE_146/hft/ethernet/ethernet_mac/mii_gmii_io.vhd \
      PB ieee/std_logic_1164 1381692176 LB ethernet_mac \
      PH ethernet_mac/ethernet_types 1764409772
FL /home/ise/ISE_146/hft/ethernet/ethernet_mac/reset_generator.vhd 2025/10/26.17:20:04 P.20131013
EN ethernet_mac/reset_generator 1764409783 \
      FL /home/ise/ISE_146/hft/ethernet/ethernet_mac/reset_generator.vhd \
      PB ieee/std_logic_1164 1381692176 LB ethernet_mac \
      PH ethernet_mac/ethernet_types 1764409772
AR ethernet_mac/reset_generator/rtl 1764409784 \
      FL /home/ise/ISE_146/hft/ethernet/ethernet_mac/reset_generator.vhd \
      EN ethernet_mac/reset_generator 1764409783
FL /home/ise/ISE_146/hft/ethernet/ethernet_mac/single_signal_synchronizer.vhd 2025/10/26.16:39:25 P.20131013
EN ethernet_mac/single_signal_synchronizer 1764409785 \
      FL /home/ise/ISE_146/hft/ethernet/ethernet_mac/single_signal_synchronizer.vhd \
      PB ieee/std_logic_1164 1381692176
FL /home/ise/ISE_146/hft/ethernet/ethernet_mac/utility.vhd 2025/10/26.16:39:25 P.20131013
PH ethernet_mac/utility 1764409768 \
      FL /home/ise/ISE_146/hft/ethernet/ethernet_mac/utility.vhd \
      PB ieee/std_logic_1164 1381692176
PB ethernet_mac/utility 1764409769 \
      FL /home/ise/ISE_146/hft/ethernet/ethernet_mac/utility.vhd \
      PH ethernet_mac/utility 1764409768
