Release 14.7 - xst P.20131013 (lin64)
Copyright (c) 1995-2013 Xilinx, Inc.  All rights reserved.
--> 
Parameter TMPDIR set to xst/projnav.tmp


Total REAL time to Xst completion: 0.00 secs
Total CPU time to Xst completion: 0.00 secs
 
--> 
Parameter xsthdpdir set to xst


Total REAL time to Xst completion: 0.00 secs
Total CPU time to Xst completion: 0.00 secs
 
--> 
Reading design: top.prj

TABLE OF CONTENTS
  1) Synthesis Options Summary
  2) HDL Compilation
  3) Design Hierarchy Analysis
  4) HDL Analysis
  5) HDL Synthesis
     5.1) HDL Synthesis Report
  6) Advanced HDL Synthesis
     6.1) Advanced HDL Synthesis Report
  7) Low Level Synthesis
  8) Partition Report
  9) Final Report
	9.1) Device utilization summary
	9.2) Partition Resource Summary
	9.3) TIMING REPORT


=========================================================================
*                      Synthesis Options Summary                        *
=========================================================================
---- Source Parameters
Input File Name                    : "top.prj"
Input Format                       : mixed
Ignore Synthesis Constraint File   : NO

---- Target Parameters
Output File Name                   : "top"
Output Format                      : NGC
Target Device                      : xc3s500e-4-fg320

---- Source Options
Top Module Name                    : top
Automatic FSM Extraction           : YES
FSM Encoding Algorithm             : Auto
Safe Implementation                : No
FSM Style                          : LUT
RAM Extraction                     : Yes
RAM Style                          : Auto
ROM Extraction                     : Yes
Mux Style                          : Auto
Decoder Extraction                 : YES
Priority Encoder Extraction        : Yes
Shift Register Extraction          : YES
Logical Shifter Extraction         : YES
XOR Collapsing                     : YES
ROM Style                          : Auto
Mux Extraction                     : Yes
Resource Sharing                   : YES
Asynchronous To Synchronous        : NO
Multiplier Style                   : Auto
Automatic Register Balancing       : No

---- Target Options
Add IO Buffers                     : YES
Global Maximum Fanout              : 100000
Add Generic Clock Buffer(BUFG)     : 24
Register Duplication               : YES
Slice Packing                      : YES
Optimize Instantiated Primitives   : NO
Use Clock Enable                   : Yes
Use Synchronous Set                : Yes
Use Synchronous Reset              : Yes
Pack IO Registers into IOBs        : Auto
Equivalent register Removal        : YES

---- General Options
Optimization Goal                  : Speed
Optimization Effort                : 1
Keep Hierarchy                     : No
Netlist Hierarchy                  : As_Optimized
RTL Output                         : Yes
Global Optimization                : AllClockNets
Read Cores                         : YES
Write Timing Constraints           : NO
Cross Clock Analysis               : NO
Hierarchy Separator                : /
Bus Delimiter                      : <>
Case Specifier                     : Maintain
Slice Utilization Ratio            : 100
BRAM Utilization Ratio             : 100
Verilog 2001                       : YES
Auto BRAM Packing                  : NO
Slice Utilization Ratio Delta      : 5

=========================================================================


=========================================================================
*                          HDL Compilation                              *
=========================================================================
Compiling vhdl file "/home/ise/ISE_146/hft/ethernet/ethernet_mac/utility.vhd" in Library ethernet_mac.
Architecture utility of Entity utility is up to date.
Compiling vhdl file "/home/ise/ISE_146/hft/ethernet/ethernet_mac/crc.vhd" in Library ethernet_mac.
Architecture crc of Entity crc is up to date.
Compiling vhdl file "/home/ise/ISE_146/hft/ethernet/ethernet_mac/ethernet_types.vhd" in Library ethernet_mac.
Compiling vhdl file "/home/ise/ISE_146/hft/ethernet/ethernet_mac/miim_types.vhd" in Library ethernet_mac.
Architecture miim_types of Entity miim_types is up to date.
Compiling vhdl file "/home/ise/ISE_146/hft/ethernet/ethernet_mac/crc32.vhd" in Library ethernet_mac.
Architecture crc32 of Entity crc32 is up to date.
Compiling vhdl file "/home/ise/ISE_146/hft/ethernet/ethernet_mac/miim_registers.vhd" in Library ethernet_mac.
Architecture miim_registers of Entity miim_registers is up to date.
Compiling vhdl file "/home/ise/ISE_146/hft/ethernet/ethernet_mac/framing_common.vhd" in Library ethernet_mac.
Architecture framing_common of Entity framing_common is up to date.
Compiling vhdl file "/home/ise/ISE_146/hft/ann/sigmoid_functions.vhd" in Library work.
Architecture sigmoid_functions of Entity sigmoid_functions is up to date.
Compiling vhdl file "/home/ise/ISE_146/hft/ethernet/ethernet_mac/reset_generator.vhd" in Library ethernet_mac.
Architecture rtl of Entity reset_generator is up to date.
Compiling vhdl file "/home/ise/ISE_146/hft/ethernet/ethernet_mac/single_signal_synchronizer.vhd" in Library ethernet_mac.
Compiling vhdl file "/home/ise/ISE_146/hft/ethernet/ethernet_mac/mii_gmii.vhd" in Library ethernet_mac.
Architecture rtl of Entity mii_gmii is up to date.
Compiling vhdl file "/home/ise/ISE_146/hft/ethernet/ethernet_mac/mii_gmii_io.vhd" in Library ethernet_mac.
Compiling vhdl file "/home/ise/ISE_146/hft/ethernet/ethernet_mac/framing.vhd" in Library ethernet_mac.
Architecture rtl of Entity framing is up to date.
Compiling vhdl file "/home/ise/ISE_146/hft/ethernet/ethernet_mac/miim.vhd" in Library ethernet_mac.
Architecture rtl of Entity miim is up to date.
Compiling vhdl file "/home/ise/ISE_146/hft/ethernet/ethernet_mac/miim_control.vhd" in Library ethernet_mac.
Architecture rtl of Entity miim_control is up to date.
Compiling vhdl file "/home/ise/ISE_146/hft/ann/xor_network.vhd" in Library work.
Architecture behavioral of Entity xor_network is up to date.
Compiling vhdl file "/home/ise/ISE_146/hft/ethernet/ethernet_mac/ethernet.vhd" in Library ethernet_mac.
Architecture rtl of Entity ethernet is up to date.
Compiling vhdl file "/home/ise/ISE_146/hft/ethernet/top.vhd" in Library work.
WARNING:HDLParsers:3530 - Time stamp of file "/home/ise/ISE_146/hft/ethernet/top.vhd" is newer than current system time.
ERROR:HDLParsers:164 - "/home/ise/ISE_146/hft/ethernet/top.vhd" Line 40. parse error, unexpected CLOSEPAR, expecting IDENTIFIER
--> 


Total memory usage is 591636 kilobytes

Number of errors   :    1 (   0 filtered)
Number of warnings :    1 (   0 filtered)
Number of infos    :    0 (   0 filtered)

