AR led_driver behavioral /home/ise/ISE_146/hft/ethernet/led_driver.vhd sub00/vhpl07 1764376868
AR ethernet_top behavioral /home/ise/ISE_146/hft/ethernet/top.vhd sub00/vhpl09 1764376870
EN switch_driver NULL /home/ise/ISE_146/hft/ethernet/switch_driver.vhd sub00/vhpl02 1764376865
AR switch_driver behavioral /home/ise/ISE_146/hft/ethernet/switch_driver.vhd sub00/vhpl03 1764376866
EN ethernet_top NULL /home/ise/ISE_146/hft/ethernet/top.vhd sub00/vhpl08 1764376869
PB sigmoid_functions sigmoid_functions /home/ise/ISE_146/hft/ann/sigmoid_functions.vhd sub00/vhpl01 1764409782
EN top NULL /home/ise/ISE_146/hft/top.vhd sub00/vhpl12 1764376873
AR xor_ann behavioral /home/ise/ISE_146/hft/ann/main.vhd sub00/vhpl11 1764376872
EN xor_network NULL /home/ise/ISE_146/hft/ann/xor_network.vhd sub00/vhpl04 1764409795
AR xor_network behavioral /home/ise/ISE_146/hft/ann/xor_network.vhd sub00/vhpl05 1764409796
EN led_driver NULL /home/ise/ISE_146/hft/ethernet/led_driver.vhd sub00/vhpl06 1764376867
AR top behavioral /home/ise/ISE_146/hft/top.vhd sub00/vhpl13 1764376874
PH sigmoid_functions NULL /home/ise/ISE_146/hft/ann/sigmoid_functions.vhd sub00/vhpl00 1764409781
EN xor_ann NULL /home/ise/ISE_146/hft/ann/main.vhd sub00/vhpl10 1764376871
