AR led_driver behavioral /home/ise/ISE_146/hft/ethernet/led_driver.vhd sub00/vhpl07 1764375762
AR ethernet_top behavioral /home/ise/ISE_146/hft/ethernet/top.vhd sub00/vhpl09 1764375764
EN switch_driver NULL /home/ise/ISE_146/hft/ethernet/switch_driver.vhd sub00/vhpl02 1764375759
AR switch_driver behavioral /home/ise/ISE_146/hft/ethernet/switch_driver.vhd sub00/vhpl03 1764375760
EN ethernet_top NULL /home/ise/ISE_146/hft/ethernet/top.vhd sub00/vhpl08 1764375763
PB sigmoid_functions sigmoid_functions /home/ise/ISE_146/hft/ann/sigmoid_functions.vhd sub00/vhpl01 1764375754
EN top NULL /home/ise/ISE_146/hft/top.vhd sub00/vhpl12 1764375767
AR xor_ann behavioral /home/ise/ISE_146/hft/ann/main.vhd sub00/vhpl11 1764375766
EN xor_network NULL /home/ise/ISE_146/hft/ann/xor_network.vhd sub00/vhpl04 1764375757
AR xor_network behavioral /home/ise/ISE_146/hft/ann/xor_network.vhd sub00/vhpl05 1764375758
EN led_driver NULL /home/ise/ISE_146/hft/ethernet/led_driver.vhd sub00/vhpl06 1764375761
PH sigmoid_functions NULL /home/ise/ISE_146/hft/ann/sigmoid_functions.vhd sub00/vhpl00 1764375753
EN xor_ann NULL /home/ise/ISE_146/hft/ann/main.vhd sub00/vhpl10 1764375765
