AR led_driver behavioral /home/ise/ISE_146/hft/ethernet/led_driver.vhd sub00/vhpl07 1764411065
AR ethernet_top behavioral /home/ise/ISE_146/hft/ethernet/top.vhd sub00/vhpl03 1764411061
EN ethernet_top NULL /home/ise/ISE_146/hft/ethernet/top.vhd sub00/vhpl02 1764411060
AR packet_builder_with_timer behavioral /home/ise/ISE_146/hft/packet_builder_with_timer.vhd sub00/vhpl05 1764411063
EN packet_builder_with_timer NULL /home/ise/ISE_146/hft/packet_builder_with_timer.vhd sub00/vhpl04 1764411062
AR mii_gmii_io simple /home/ise/ISE_146/hft/ethernet/mii_gmii_io_simple.vhd sub00/vhpl13 1764411071
PB sigmoid_functions sigmoid_functions /home/ise/ISE_146/hft/ann/sigmoid_functions.vhd sub00/vhpl01 1764411057
EN top NULL /home/ise/ISE_146/hft/top.vhd sub00/vhpl10 1764411068
EN single_signal_synchronizer NULL /home/ise/ISE_146/hft/ethernet/single_signal_synchronizer_simple.vhd sub00/vhpl14 1764411072
EN hft_network NULL /home/ise/ISE_146/hft/ann/main.vhd sub00/vhpl08 1764411066
AR single_signal_synchronizer simple /home/ise/ISE_146/hft/ethernet/single_signal_synchronizer_simple.vhd sub00/vhpl15 1764411073
EN mii_gmii_io NULL /home/ise/ISE_146/hft/ethernet/mii_gmii_io_simple.vhd sub00/vhpl12 1764411070
EN led_driver NULL /home/ise/ISE_146/hft/ethernet/led_driver.vhd sub00/vhpl06 1764411064
AR hft_network behavioral /home/ise/ISE_146/hft/ann/main.vhd sub00/vhpl09 1764411067
AR top behavioral /home/ise/ISE_146/hft/top.vhd sub00/vhpl11 1764411069
PH sigmoid_functions NULL /home/ise/ISE_146/hft/ann/sigmoid_functions.vhd sub00/vhpl00 1764411056
